Archive member included to satisfy reference by file (symbol)

libmylib.a(libmylib.o)        app.o (X_array)

Memory Configuration

Name             Origin             Length             Attributes
Mem              0x00000000         0x04000000         xrw
*default*        0x00000000         0xffffffff

Linker script and memory map

                0x00010000                . = 0x10000

.STARTUP        0x00010000        0xc
 Startup.o(.text)
 .text          0x00010000        0xc startup.o
                0x00010000                reset

.TEXT           0x0001000c       0x94
 *(.text)
 .text          0x0001000c       0x24 app.o
                0x0001000c                main
 .text          0x00010030       0x70 uart.o
                0x00010030                Uart0_Void_TransmitData
 .text          0x000100a0        0x0 libmylib.a(libmylib.o)

.glue_7         0x000100a0        0x0
 .glue_7        0x000100a0        0x0 linker stubs

.glue_7t        0x000100a0        0x0
 .glue_7t       0x000100a0        0x0 linker stubs

.vfp11_veneer   0x000100a0        0x0
 .vfp11_veneer  0x000100a0        0x0 linker stubs

.v4_bx          0x000100a0        0x0
 .v4_bx         0x000100a0        0x0 linker stubs

.iplt           0x000100a0        0x0
 .iplt          0x000100a0        0x0 startup.o

.igot.plt       0x000100a0        0x0
 .igot.plt      0x000100a0        0x0 startup.o

.DATA           0x000100a0       0x64
 *(.data)
 .data          0x000100a0        0x0 startup.o
 .data          0x000100a0       0x64 app.o
                0x000100a0                buffer
 .data          0x00010104        0x0 uart.o
 .data          0x00010104        0x0 libmylib.a(libmylib.o)

.RODATA         0x00010104       0x14
 *(.rodata)
 .rodata        0x00010104       0x14 libmylib.a(libmylib.o)
                0x00010104                X_array

.rel.dyn        0x00010118        0x0
 .rel.iplt      0x00010118        0x0 startup.o
                0x00011118                . = (. + 0x1000)
                0x00011118                stack_pointer = .
LOAD app.o
LOAD uart.o
LOAD startup.o
LOAD libmylib.a
LOAD lib.a
OUTPUT(Uart_project.elf elf32-littlearm)
LOAD linker stubs

.bss            0x00010118        0x0
 .bss           0x00010118        0x0 startup.o
 .bss           0x00010118        0x0 app.o
 .bss           0x00010118        0x0 uart.o
 .bss           0x00010118        0x0 libmylib.a(libmylib.o)

.ARM.attributes
                0x00000000       0x2e
 .ARM.attributes
                0x00000000       0x22 startup.o
 .ARM.attributes
                0x00000022       0x2c app.o
 .ARM.attributes
                0x0000004e       0x2c uart.o
 .ARM.attributes
                0x0000007a       0x2c libmylib.a(libmylib.o)

.comment        0x00000000       0x49
 .comment       0x00000000       0x49 app.o
                                 0x4a (size before relaxing)
 .comment       0x00000049       0x4a uart.o
 .comment       0x00000049       0x4a libmylib.a(libmylib.o)

.debug_line     0x00000000      0x113
 .debug_line    0x00000000       0x39 startup.o
 .debug_line    0x00000039       0x4f app.o
 .debug_line    0x00000088       0x60 uart.o
 .debug_line    0x000000e8       0x2b libmylib.a(libmylib.o)

.debug_info     0x00000000      0x19b
 .debug_info    0x00000000       0x26 startup.o
 .debug_info    0x00000026       0x98 app.o
 .debug_info    0x000000be       0x85 uart.o
 .debug_info    0x00000143       0x58 libmylib.a(libmylib.o)

.debug_abbrev   0x00000000      0x157
 .debug_abbrev  0x00000000       0x14 startup.o
 .debug_abbrev  0x00000014       0x87 app.o
 .debug_abbrev  0x0000009b       0x75 uart.o
 .debug_abbrev  0x00000110       0x47 libmylib.a(libmylib.o)

.debug_aranges  0x00000000       0x78
 .debug_aranges
                0x00000000       0x20 startup.o
 .debug_aranges
                0x00000020       0x20 app.o
 .debug_aranges
                0x00000040       0x20 uart.o
 .debug_aranges
                0x00000060       0x18 libmylib.a(libmylib.o)

.debug_str      0x00000000      0x14b
 .debug_str     0x00000000       0x7b startup.o
 .debug_str     0x0000007b       0x9e app.o
                                0x10e (size before relaxing)
 .debug_str     0x00000119       0x27 uart.o
                                0x115 (size before relaxing)
 .debug_str     0x00000140        0xb libmylib.a(libmylib.o)
                                 0xee (size before relaxing)

.debug_frame    0x00000000       0x5c
 .debug_frame   0x00000000       0x2c app.o
 .debug_frame   0x0000002c       0x30 uart.o
