../stm32f103c6_Drivers/EXTI/stm32f103c6_EXTI_driver.c:30:6:Enable_NVIC	16	static
../stm32f103c6_Drivers/EXTI/stm32f103c6_EXTI_driver.c:72:6:Disable_NVIC	16	static
../stm32f103c6_Drivers/EXTI/stm32f103c6_EXTI_driver.c:113:6:update_EXTI	24	static
../stm32f103c6_Drivers/EXTI/stm32f103c6_EXTI_driver.c:175:6:MCAL_EXTI_GPIO_init	16	static
../stm32f103c6_Drivers/EXTI/stm32f103c6_EXTI_driver.c:182:6:MCAL_EXTI_GPIO_Deinit	4	static
../stm32f103c6_Drivers/EXTI/stm32f103c6_EXTI_driver.c:202:6:MCAL_EXTI_GPIO_update	16	static
../stm32f103c6_Drivers/EXTI/stm32f103c6_EXTI_driver.c:207:6:EXTI0_IRQHandler	8	static
../stm32f103c6_Drivers/EXTI/stm32f103c6_EXTI_driver.c:211:6:EXTI1_IRQHandler	8	static
../stm32f103c6_Drivers/EXTI/stm32f103c6_EXTI_driver.c:216:6:EXTI2_IRQHandler	8	static
../stm32f103c6_Drivers/EXTI/stm32f103c6_EXTI_driver.c:221:6:EXTI3_IRQHandler	8	static
../stm32f103c6_Drivers/EXTI/stm32f103c6_EXTI_driver.c:226:6:EXTI4_IRQHandler	8	static
../stm32f103c6_Drivers/EXTI/stm32f103c6_EXTI_driver.c:231:6:EXTI9_5_IRQHandler	8	static
../stm32f103c6_Drivers/EXTI/stm32f103c6_EXTI_driver.c:240:6:EXTI15_10_IRQHandler	8	static
