
Memory Configuration

Name             Origin             Length             Attributes
ROM              0x08000000         0x20000000         xr
SRAM             0x20000000         0x20000000         xrw
*default*        0x00000000         0xffffffff

Linker script and memory map

                0x08000000                . = 0x8000000

.text           0x08000000      0x160
 *(.vectors)
 .vectors       0x08000000       0x50 startup.o
                0x08000000                ptr_func
 Startup.o(.text)
 .text          0x08000050       0x90 startup.o
                0x08000050                NMI_handler
                0x08000050                reset_handler
 *(.text)
 .text          0x080000e0       0x80 app.o
                0x080000e0                main
                0x08000160                _E_text = .

.glue_7         0x08000160        0x0
 .glue_7        0x08000160        0x0 linker stubs

.glue_7t        0x08000160        0x0
 .glue_7t       0x08000160        0x0 linker stubs

.vfp11_veneer   0x08000160        0x0
 .vfp11_veneer  0x08000160        0x0 linker stubs

.v4_bx          0x08000160        0x0
 .v4_bx         0x08000160        0x0 linker stubs

.iplt           0x08000160        0x0
 .iplt          0x08000160        0x0 startup.o

.rel.dyn        0x08000160        0x0
 .rel.iplt      0x08000160        0x0 startup.o

.data           0x20000000       0x1a load address 0x08000160
                0x20000000                _S_data = .
 *(.data)
 .data          0x20000000        0x0 startup.o
 .data          0x20000000       0x1a app.o
                0x20000000                g_arr
                0x20000014                g_string
                0x2000001a                _E_data = .

.igot.plt       0x2000001c        0x0 load address 0x0800017a
 .igot.plt      0x2000001c        0x0 startup.o

.bss            0x2000001c       0x28 load address 0x0800017a
                0x2000001c                _S_bss = .
 *(.bss)
 .bss           0x2000001c        0x0 startup.o
 .bss           0x2000001c       0x28 app.o
                0x2000001c                arr
                0x20000044                _E_bss = .
                0x20001044                . = (. + 0x1000)
                0x20001044                _Stack_pointer = .
LOAD app.o
LOAD startup.o
OUTPUT(Stm32_LedBlink.elf elf32-littlearm)
LOAD linker stubs

.debug_info     0x00000000      0x23e
 .debug_info    0x00000000      0x153 startup.o
 .debug_info    0x00000153       0xeb app.o

.debug_abbrev   0x00000000      0x135
 .debug_abbrev  0x00000000       0x92 startup.o
 .debug_abbrev  0x00000092       0xa3 app.o

.debug_loc      0x00000000       0x88
 .debug_loc     0x00000000       0x50 startup.o
 .debug_loc     0x00000050       0x38 app.o

.debug_aranges  0x00000000       0x40
 .debug_aranges
                0x00000000       0x20 startup.o
 .debug_aranges
                0x00000020       0x20 app.o

.debug_line     0x00000000      0x139
 .debug_line    0x00000000       0xae startup.o
 .debug_line    0x000000ae       0x8b app.o

.debug_str      0x00000000      0x188
 .debug_str     0x00000000      0x167 startup.o
                                0x19a (size before relaxing)
 .debug_str     0x00000167       0x21 app.o
                                0x11a (size before relaxing)

.comment        0x00000000       0x49
 .comment       0x00000000       0x49 startup.o
                                 0x4a (size before relaxing)
 .comment       0x00000049       0x4a app.o

.ARM.attributes
                0x00000000       0x2d
 .ARM.attributes
                0x00000000       0x2d startup.o
 .ARM.attributes
                0x0000002d       0x2d app.o

.debug_frame    0x00000000       0x60
 .debug_frame   0x00000000       0x34 startup.o
 .debug_frame   0x00000034       0x2c app.o
