
Memory Configuration

Name             Origin             Length             Attributes
ROM              0x08000000         0x20000000         xr
SRAM             0x20000000         0x20000000         xrw
*default*        0x00000000         0xffffffff

Linker script and memory map


.text           0x08000000       0xd4
 *(.vectors)
 .vectors       0x08000000       0x50 startup.o
 Startup.o(.text)
 .text          0x08000050        0x4 startup.o
                0x08000050                reset
 *(.text)
 .text          0x08000054       0x80 app.o
                0x08000054                main

.glue_7         0x080000d4        0x0
 .glue_7        0x080000d4        0x0 linker stubs

.glue_7t        0x080000d4        0x0
 .glue_7t       0x080000d4        0x0 linker stubs

.vfp11_veneer   0x080000d4        0x0
 .vfp11_veneer  0x080000d4        0x0 linker stubs

.v4_bx          0x080000d4        0x0
 .v4_bx         0x080000d4        0x0 linker stubs

.iplt           0x080000d4        0x0
 .iplt          0x080000d4        0x0 startup.o

.rel.dyn        0x080000d4        0x0
 .rel.iplt      0x080000d4        0x0 startup.o

.data           0x20000000        0x0 load address 0x080000d4
 *(.data)
 .data          0x20000000        0x0 startup.o
 .data          0x20000000        0x0 app.o
LOAD app.o
LOAD startup.o
OUTPUT(Stm32_LedBlink.elf elf32-littlearm)
LOAD linker stubs

.igot.plt       0x20000000        0x0 load address 0x080000d4
 .igot.plt      0x20000000        0x0 startup.o

.bss            0x20000000        0x0 load address 0x080000d4
 .bss           0x20000000        0x0 startup.o
 .bss           0x20000000        0x0 app.o

.ARM.attributes
                0x00000000       0x2f
 .ARM.attributes
                0x00000000       0x21 startup.o
 .ARM.attributes
                0x00000021       0x2d app.o

.comment        0x00000000       0x49
 .comment       0x00000000       0x49 app.o
                                 0x4a (size before relaxing)

.debug_line     0x00000000       0xc2
 .debug_line    0x00000000       0x39 startup.o
 .debug_line    0x00000039       0x89 app.o

.debug_info     0x00000000       0xa5
 .debug_info    0x00000000       0x26 startup.o
 .debug_info    0x00000026       0x7f app.o

.debug_abbrev   0x00000000       0x81
 .debug_abbrev  0x00000000       0x14 startup.o
 .debug_abbrev  0x00000014       0x6d app.o

.debug_aranges  0x00000000       0x40
 .debug_aranges
                0x00000000       0x20 startup.o
 .debug_aranges
                0x00000020       0x20 app.o

.debug_str      0x00000000      0x101
 .debug_str     0x00000000       0x6b startup.o
 .debug_str     0x0000006b       0x96 app.o
                                 0xf6 (size before relaxing)

.debug_loc      0x00000000       0x38
 .debug_loc     0x00000000       0x38 app.o

.debug_frame    0x00000000       0x2c
 .debug_frame   0x00000000       0x2c app.o
