Archive member included because of file (symbol)

libmylib.a(library_file.o)    app.o (X_array)

Memory Configuration

Name             Origin             Length             Attributes
Mem              0x00000000         0x04000000         xrw
*default*        0x00000000         0xffffffff

Linker script and memory map

                0x00010000                . = 0x10000

.STARTUP        0x00010000        0xc
 Startup.o(.text)
 .text          0x00010000        0xc startup.o
                0x00010000                reset

.TEXT           0x0001000c       0x8c
 *(.text)
 .text          0x0001000c       0x24 app.o
                0x0001000c                main
 .text          0x00010030       0x68 uart.o
                0x00010030                Uart0_Void_TransmitData
 .text          0x00010098        0x0 libmylib.a(library_file.o)

.glue_7         0x00010098        0x0
 .glue_7        0x00000000        0x0 linker stubs

.glue_7t        0x00010098        0x0
 .glue_7t       0x00000000        0x0 linker stubs

.vfp11_veneer   0x00010098        0x0
 .vfp11_veneer  0x00000000        0x0 linker stubs

.v4_bx          0x00010098        0x0
 .v4_bx         0x00000000        0x0 linker stubs

.iplt           0x00010098        0x0
 .iplt          0x00000000        0x0 startup.o

.igot.plt       0x00010098        0x0
 .igot.plt      0x00000000        0x0 startup.o

.DATA           0x00010098       0x64
 *(.data)
 .data          0x00010098        0x0 startup.o
 .data          0x00010098       0x64 app.o
                0x00010098                buffer
 .data          0x000100fc        0x0 uart.o
 .data          0x000100fc        0x0 libmylib.a(library_file.o)

.RODATA         0x000100fc       0x14
 *(.rodata)
 .rodata        0x000100fc       0x14 libmylib.a(library_file.o)
                0x000100fc                X_array

.rel.dyn        0x00010110        0x0
 .rel.iplt      0x00000000        0x0 startup.o
                0x00011110                . = (. + 0x1000)
                0x00011110                stack_pointer = .
LOAD startup.o
LOAD app.o
LOAD uart.o
LOAD libmylib.a
OUTPUT(learn.elf elf32-littlearm)

.bss            0x00010110        0x0 load address 0x00011110
 .bss           0x00010110        0x0 startup.o
 .bss           0x00010110        0x0 app.o
 .bss           0x00010110        0x0 uart.o
 .bss           0x00010110        0x0 libmylib.a(library_file.o)

.ARM.attributes
                0x00000000       0x2e
 .ARM.attributes
                0x00000000       0x22 startup.o
 .ARM.attributes
                0x00000022       0x32 app.o
 .ARM.attributes
                0x00000054       0x32 uart.o
 .ARM.attributes
                0x00000086       0x30 libmylib.a(library_file.o)

.comment        0x00000000       0x11
 .comment       0x00000000       0x11 app.o
                                 0x12 (size before relaxing)
 .comment       0x00000000       0x12 uart.o
 .comment       0x00000000       0x12 libmylib.a(library_file.o)

.debug_line     0x00000000       0xcf
 .debug_line    0x00000000       0x39 startup.o
 .debug_line    0x00000039       0x49 app.o
 .debug_line    0x00000082       0x4d uart.o

.debug_info     0x00000000      0x1c2
 .debug_info    0x00000000       0x91 startup.o
 .debug_info    0x00000091       0xac app.o
 .debug_info    0x0000013d       0x85 uart.o

.debug_abbrev   0x00000000       0xf9
 .debug_abbrev  0x00000000       0x14 startup.o
 .debug_abbrev  0x00000014       0x78 app.o
 .debug_abbrev  0x0000008c       0x6d uart.o

.debug_aranges  0x00000000       0x60
 .debug_aranges
                0x00000000       0x20 startup.o
 .debug_aranges
                0x00000020       0x20 app.o
 .debug_aranges
                0x00000040       0x20 uart.o

.debug_loc      0x00000000       0x58
 .debug_loc     0x00000000       0x2c app.o
 .debug_loc     0x0000002c       0x2c uart.o

.debug_str      0x00000000       0xdc
 .debug_str     0x00000000       0xb5 app.o
 .debug_str     0x000000b5       0x27 uart.o
                                 0xc0 (size before relaxing)

.debug_frame    0x00000000       0x54
 .debug_frame   0x00000000       0x2c app.o
 .debug_frame   0x0000002c       0x28 uart.o
